<?php return array (
  0 => 'Symfony\\Bundle\\FrameworkBundle\\Controller\\AbstractController',
  1 => 'App\\Controller\\AdminBlogController',
  2 => 'App\\Controller\\AdminCommentController',
  3 => 'App\\Controller\\ApplicationController',
  4 => 'App\\Controller\\BlogController',
  5 => 'App\\Controller\\BotController',
  6 => 'App\\Controller\\CommentController',
  7 => 'App\\Controller\\CourseController',
  8 => 'App\\Controller\\EventController',
  9 => 'App\\Controller\\FreelanceController',
  10 => 'App\\Controller\\HackathonController',
  11 => 'App\\Controller\\HomeController',
  12 => 'App\\Controller\\LessonController',
  13 => 'App\\Controller\\PackagController',
  14 => 'App\\Controller\\ServiceController',
  15 => 'App\\Controller\\WorkshopController',
  16 => 'App\\Entity\\Application',
  17 => 'App\\Entity\\Blog',
  18 => 'App\\Entity\\CensorWordsTransformer',
  19 => 'App\\Entity\\Comment',
  20 => 'App\\Entity\\Course',
  21 => 'App\\Entity\\DoctrineMigrationVersions',
  22 => 'App\\Entity\\Event',
  23 => 'App\\Entity\\Freelance',
  24 => 'App\\Entity\\Hackathon',
  25 => 'App\\Entity\\Historysearch',
  26 => 'App\\Entity\\Lesson',
  27 => 'App\\Entity\\MessengerMessages',
  28 => 'App\\Entity\\Packag',
  29 => 'App\\Entity\\Profile',
  30 => 'App\\Entity\\Service',
  31 => 'App\\Entity\\User',
  32 => 'App\\Entity\\Workshop',
  33 => 'Doctrine\\Bundle\\DoctrineBundle\\Controller\\ProfilerController',
  34 => 'Doctrine\\ORM\\Cache\\Persister\\Entity\\AbstractEntityPersister',
  35 => 'Doctrine\\ORM\\Cache\\Persister\\Entity\\CachedEntityPersister',
  36 => 'Doctrine\\ORM\\Cache\\Persister\\Entity\\NonStrictReadWriteCachedEntityPersister',
  37 => 'Doctrine\\ORM\\Cache\\Persister\\Entity\\ReadOnlyCachedEntityPersister',
  38 => 'Doctrine\\ORM\\Cache\\Persister\\Entity\\ReadWriteCachedEntityPersister',
  39 => 'Doctrine\\ORM\\Persisters\\Entity\\AbstractEntityInheritancePersister',
  40 => 'Doctrine\\ORM\\Persisters\\Entity\\BasicEntityPersister',
  41 => 'Doctrine\\ORM\\Persisters\\Entity\\CachedPersisterContext',
  42 => 'Doctrine\\ORM\\Persisters\\Entity\\EntityPersister',
  43 => 'Doctrine\\ORM\\Persisters\\Entity\\JoinedSubclassPersister',
  44 => 'Doctrine\\ORM\\Persisters\\Entity\\SingleTablePersister',
  45 => 'Endroid\\QrCodeBundle\\Controller\\GenerateController',
  47 => 'Symfony\\Bundle\\FrameworkBundle\\Controller\\ControllerResolver',
  48 => 'Symfony\\Bundle\\FrameworkBundle\\Controller\\RedirectController',
  49 => 'Symfony\\Bundle\\FrameworkBundle\\Controller\\TemplateController',
  50 => 'Symfony\\Bundle\\WebProfilerBundle\\Controller\\ExceptionPanelController',
  51 => 'Symfony\\Bundle\\WebProfilerBundle\\Controller\\ProfilerController',
  52 => 'Symfony\\Bundle\\WebProfilerBundle\\Controller\\RouterController',
  53 => 'Symfony\\Component\\HttpKernel\\Controller\\ArgumentResolver',
  54 => 'Symfony\\Component\\HttpKernel\\Controller\\ArgumentResolverInterface',
  55 => 'Symfony\\Component\\HttpKernel\\Controller\\ArgumentResolver\\DefaultValueResolver',
  56 => 'Symfony\\Component\\HttpKernel\\Controller\\ArgumentResolver\\NotTaggedControllerValueResolver',
  57 => 'Symfony\\Component\\HttpKernel\\Controller\\ArgumentResolver\\RequestAttributeValueResolver',
  58 => 'Symfony\\Component\\HttpKernel\\Controller\\ArgumentResolver\\RequestValueResolver',
  59 => 'Symfony\\Component\\HttpKernel\\Controller\\ArgumentResolver\\ServiceValueResolver',
  60 => 'Symfony\\Component\\HttpKernel\\Controller\\ArgumentResolver\\SessionValueResolver',
  61 => 'Symfony\\Component\\HttpKernel\\Controller\\ArgumentResolver\\TraceableValueResolver',
  62 => 'Symfony\\Component\\HttpKernel\\Controller\\ArgumentResolver\\VariadicValueResolver',
  63 => 'Symfony\\Component\\HttpKernel\\Controller\\ArgumentValueResolverInterface',
  64 => 'Symfony\\Component\\HttpKernel\\Controller\\ContainerControllerResolver',
  65 => 'Symfony\\Component\\HttpKernel\\Controller\\ControllerReference',
  66 => 'Symfony\\Component\\HttpKernel\\Controller\\ControllerResolver',
  67 => 'Symfony\\Component\\HttpKernel\\Controller\\ControllerResolverInterface',
  68 => 'Symfony\\Component\\HttpKernel\\Controller\\ErrorController',
  69 => 'Symfony\\Component\\HttpKernel\\Controller\\TraceableArgumentResolver',
  70 => 'Symfony\\Component\\HttpKernel\\Controller\\TraceableControllerResolver',
  71 => 'Symfony\\Component\\Security\\Http\\Controller\\UserValueResolver',
);